// Vitest Snapshot v1, https://vitest.dev/guide/snapshot.html

exports[`OrderRegistration - renders without crashing 1`] = `
<DocumentFragment>
  <div
    class="MuiBox-root css-4rmlxi"
  >
    <div
      class="MuiPaper-root MuiPaper-elevation MuiPaper-rounded MuiPaper-elevation2 css-4jh4cd-MuiPaper-root"
      style="--Paper-shadow: 0px 3px 1px -2px rgba(0,0,0,0.2),0px 2px 2px 0px rgba(0,0,0,0.14),0px 1px 5px 0px rgba(0,0,0,0.12);"
    >
      <div
        class="MuiStack-root css-yfwnj4-MuiStack-root"
      >
        <div
          class="MuiBox-root css-zg1vud"
        >
          <div
            class="MuiStack-root css-95rbei-MuiStack-root"
          >
            <button
              class="MuiButtonBase-root MuiButton-root MuiButton-text MuiButton-sizeMedium MuiButton-colorPrimary css-1uent87-MuiButtonBase-root-MuiButton-root"
              tabindex="0"
              type="button"
            >
              <svg
                aria-hidden="true"
                class="MuiSvgIcon-root MuiSvgIcon-fontSizeMedium css-1umw9bq-MuiSvgIcon-root"
                data-testid="SaveIcon"
                focusable="false"
                viewBox="0 0 24 24"
              >
                <path
                  d="M17 3H5c-1.11 0-2 .9-2 2v14c0 1.1.89 2 2 2h14c1.1 0 2-.9 2-2V7zm-5 16c-1.66 0-3-1.34-3-3s1.34-3 3-3 3 1.34 3 3-1.34 3-3 3m3-10H5V5h10z"
                />
              </svg>
            </button>
          </div>
          <span
            class="MuiTypography-root MuiTypography-caption css-180yk4z-MuiTypography-root"
          >
            owned
          </span>
        </div>
        <div
          aria-orientation="vertical"
          class="MuiDivider-root MuiDivider-fullWidth MuiDivider-vertical MuiDivider-flexItem css-1160sub-MuiDivider-root"
          role="separator"
        />
        <div
          class="MuiBox-root css-zg1vud"
        >
          <div
            class="MuiStack-root css-95rbei-MuiStack-root"
          >
            <button
              class="MuiButtonBase-root MuiButton-root MuiButton-text MuiButton-sizeMedium MuiButton-colorPrimary css-1uent87-MuiButtonBase-root-MuiButton-root"
              tabindex="0"
              type="button"
            >
              <svg
                aria-hidden="true"
                class="MuiSvgIcon-root MuiSvgIcon-fontSizeMedium css-1umw9bq-MuiSvgIcon-root"
                data-testid="UndoIcon"
                focusable="false"
                viewBox="0 0 24 24"
              >
                <path
                  d="M12.5 8c-2.65 0-5.05.99-6.9 2.6L2 7v9h9l-3.62-3.62c1.39-1.16 3.16-1.88 5.12-1.88 3.54 0 6.55 2.31 7.6 5.5l2.37-.78C21.08 11.03 17.15 8 12.5 8"
                />
              </svg>
            </button>
            <button
              class="MuiButtonBase-root MuiButton-root MuiButton-text MuiButton-sizeMedium MuiButton-colorPrimary css-1uent87-MuiButtonBase-root-MuiButton-root"
              tabindex="0"
              type="button"
            >
              <svg
                aria-hidden="true"
                class="MuiSvgIcon-root MuiSvgIcon-fontSizeMedium css-1umw9bq-MuiSvgIcon-root"
                data-testid="RedoIcon"
                focusable="false"
                viewBox="0 0 24 24"
              >
                <path
                  d="M18.4 10.6C16.55 8.99 14.15 8 11.5 8c-4.65 0-8.58 3.03-9.96 7.22L3.9 16c1.05-3.19 4.05-5.5 7.6-5.5 1.95 0 3.73.72 5.12 1.88L13 16h9V7z"
                />
              </svg>
            </button>
          </div>
          <span
            class="MuiTypography-root MuiTypography-caption css-180yk4z-MuiTypography-root"
          >
            edit
          </span>
        </div>
        <div
          aria-orientation="vertical"
          class="MuiDivider-root MuiDivider-fullWidth MuiDivider-vertical MuiDivider-flexItem css-1160sub-MuiDivider-root"
          role="separator"
        />
        <div
          class="MuiBox-root css-zg1vud"
        >
          <div
            class="MuiStack-root css-95rbei-MuiStack-root"
          >
            <div
              class="MuiBox-root css-70qvj9"
            >
              <p
                class="MuiTypography-root MuiTypography-body2 css-7ctihp-MuiTypography-root"
              >
                無課金
              </p>
              <span
                class="MuiSwitch-root MuiSwitch-sizeMedium css-rehya9-MuiSwitch-root"
              >
                <span
                  aria-label="paid orders"
                  class="MuiButtonBase-root MuiSwitch-switchBase MuiSwitch-colorPrimary Mui-checked PrivateSwitchBase-root MuiSwitch-switchBase MuiSwitch-colorPrimary Mui-checked Mui-checked css-aqlqb4-MuiButtonBase-root-MuiSwitchBase-root-MuiSwitch-switchBase"
                >
                  <input
                    checked=""
                    class="PrivateSwitchBase-input MuiSwitch-input css-12xagqm-MuiSwitchBase-root"
                    role="switch"
                    type="checkbox"
                  />
                  <span
                    class="MuiSwitch-thumb css-1mw77bv-MuiSwitch-thumb"
                  />
                </span>
                <span
                  class="MuiSwitch-track css-pm6g3f-MuiSwitch-track"
                />
              </span>
              <p
                class="MuiTypography-root MuiTypography-body2 css-7ctihp-MuiTypography-root"
              >
                課金
              </p>
            </div>
          </div>
          <span
            class="MuiTypography-root MuiTypography-caption css-180yk4z-MuiTypography-root"
          >
            filter
          </span>
        </div>
      </div>
    </div>
    <div
      class="MuiGrid-root MuiGrid-container MuiGrid-direction-xs-row MuiGrid-spacing-xs-3 css-14hv38i-MuiGrid-root"
    >
      <div
        class="MuiGrid-root MuiGrid-direction-xs-row MuiGrid-grid-xs-12 MuiGrid-grid-md-2.4 css-1wgvhrh-MuiGrid-root"
      >
        <div
          class="MuiPaper-root MuiPaper-elevation MuiPaper-rounded MuiPaper-elevation1 css-qxrjd6-MuiPaper-root"
          style="--Paper-shadow: 0px 2px 1px -1px rgba(0,0,0,0.2),0px 1px 1px 0px rgba(0,0,0,0.14),0px 1px 3px 0px rgba(0,0,0,0.12);"
        />
      </div>
      <div
        class="MuiGrid-root MuiGrid-direction-xs-row MuiGrid-grid-xs-12 MuiGrid-grid-md-4.8 css-1rar9q7-MuiGrid-root"
      >
        <div
          class="MuiPaper-root MuiPaper-elevation MuiPaper-rounded MuiPaper-elevation1 css-ngyf5n-MuiPaper-root"
          style="--Paper-shadow: 0px 2px 1px -1px rgba(0,0,0,0.2),0px 1px 1px 0px rgba(0,0,0,0.14),0px 1px 3px 0px rgba(0,0,0,0.12);"
        />
      </div>
      <div
        class="MuiGrid-root MuiGrid-direction-xs-row MuiGrid-grid-xs-12 MuiGrid-grid-md-4.8 css-1fzu81w-MuiGrid-root"
      >
        <div
          class="MuiPaper-root MuiPaper-elevation MuiPaper-rounded MuiPaper-elevation1 css-ngyf5n-MuiPaper-root"
          style="--Paper-shadow: 0px 2px 1px -1px rgba(0,0,0,0.2),0px 1px 1px 0px rgba(0,0,0,0.14),0px 1px 3px 0px rgba(0,0,0,0.12);"
        >
          <div
            class="MuiBox-root css-1cc5hxu"
          >
            <img
              alt="朱雀炎武"
              src="/order/test.png"
            />
          </div>
          <div
            class="MuiBox-root css-1cc5hxu"
          >
            <img
              alt="水神の怒り"
              src="/order/test.png"
            />
          </div>
          <div
            class="MuiBox-root css-1cc5hxu"
          >
            <img
              alt="天翼のしらべ"
              src="/order/test.png"
            />
          </div>
          <div
            class="MuiBox-root css-1cc5hxu"
          >
            <img
              alt="革命の御旗"
              src="/order/test.png"
            />
          </div>
          <div
            class="MuiBox-root css-1cc5hxu"
          >
            <img
              alt="覚醒の日輪"
              src="/order/test.png"
            />
          </div>
          <div
            class="MuiBox-root css-1cc5hxu"
          >
            <img
              alt="日輪の覚醒妨害"
              src="/order/test.png"
            />
          </div>
          <div
            class="MuiBox-root css-1cc5hxu"
          >
            <img
              alt="攻勢激化の聖剣"
              src="/order/test.png"
            />
          </div>
          <div
            class="MuiBox-root css-1cc5hxu"
          >
            <img
              alt="聖剣縛りの蔦"
              src="/order/test.png"
            />
          </div>
          <div
            class="MuiBox-root css-1cc5hxu"
          >
            <img
              alt="守勢強化の鉄壁"
              src="/order/test.png"
            />
          </div>
          <div
            class="MuiBox-root css-1cc5hxu"
          >
            <img
              alt="敵城砦鉄壁破壊"
              src="/order/test.png"
            />
          </div>
          <div
            class="MuiBox-root css-1cc5hxu"
          >
            <img
              alt="刻戻りのクロノグラフ"
              src="/order/test.png"
            />
          </div>
          <div
            class="MuiBox-root css-1cc5hxu"
          >
            <img
              alt="衝撃返しの鉄壁"
              src="/order/test.png"
            />
          </div>
          <div
            class="MuiBox-root css-1cc5hxu"
          >
            <img
              alt="雪獄の息吹"
              src="/order/test.png"
            />
          </div>
          <div
            class="MuiBox-root css-1cc5hxu"
          >
            <img
              alt="天鳴雨の波紋"
              src="/order/test.png"
            />
          </div>
          <div
            class="MuiBox-root css-1cc5hxu"
          >
            <img
              alt="劫火の勇猛"
              src="/order/test.png"
            />
          </div>
          <div
            class="MuiBox-root css-1cc5hxu"
          >
            <img
              alt="神渡しの風巻き"
              src="/order/test.png"
            />
          </div>
          <div
            class="MuiBox-root css-1cc5hxu"
          >
            <img
              alt="特異返しの鉄壁"
              src="/order/test.png"
            />
          </div>
          <div
            class="MuiBox-root css-1cc5hxu"
          >
            <img
              alt="女帝蝶の火継"
              src="/order/test.png"
            />
          </div>
          <div
            class="MuiBox-root css-1cc5hxu"
          >
            <img
              alt="裂空の神秘"
              src="/order/test.png"
            />
          </div>
          <div
            class="MuiBox-root css-1cc5hxu"
          >
            <img
              alt="溟海の勇猛"
              src="/order/test.png"
            />
          </div>
          <div
            class="MuiBox-root css-1cc5hxu"
          >
            <img
              alt="煌炎の神秘"
              src="/order/test.png"
            />
          </div>
          <div
            class="MuiBox-root css-1cc5hxu"
          >
            <img
              alt="霊鳥の勇猛"
              src="/order/test.png"
            />
          </div>
          <div
            class="MuiBox-root css-1cc5hxu"
          >
            <img
              alt="前衛再編の陣"
              src="/order/test.png"
            />
          </div>
          <div
            class="MuiBox-root css-1cc5hxu"
          >
            <img
              alt="後衛再編の陣"
              src="/order/test.png"
            />
          </div>
          <div
            class="MuiBox-root css-1cc5hxu"
          >
            <img
              alt="朱雀の御盾"
              src="/order/test.png"
            />
          </div>
          <div
            class="MuiBox-root css-1cc5hxu"
          >
            <img
              alt="水神の御盾"
              src="/order/test.png"
            />
          </div>
          <div
            class="MuiBox-root css-1cc5hxu"
          >
            <img
              alt="天翼の御盾"
              src="/order/test.png"
            />
          </div>
          <div
            class="MuiBox-root css-1cc5hxu"
          >
            <img
              alt="広域再編の陣"
              src="/order/test.png"
            />
          </div>
          <div
            class="MuiBox-root css-1cc5hxu"
          >
            <img
              alt="戦術加速の陣"
              src="/order/test.png"
            />
          </div>
          <div
            class="MuiBox-root css-1cc5hxu"
          >
            <img
              alt="広域魔導凱旋"
              src="/order/test.png"
            />
          </div>
          <div
            class="MuiBox-root css-1cc5hxu"
          >
            <img
              alt="魔縮領域"
              src="/order/test.png"
            />
          </div>
          <div
            class="MuiBox-root css-1cc5hxu"
          >
            <img
              alt="玲瓏光艶"
              src="/order/test.png"
            />
          </div>
          <div
            class="MuiBox-root css-1cc5hxu"
          >
            <img
              alt="暗碧無双"
              src="/order/test.png"
            />
          </div>
          <div
            class="MuiBox-root css-1cc5hxu"
          >
            <img
              alt="暗黒業火"
              src="/order/test.png"
            />
          </div>
          <div
            class="MuiBox-root css-1cc5hxu"
          >
            <img
              alt="黒碑水鏡"
              src="/order/test.png"
            />
          </div>
          <div
            class="MuiBox-root css-1cc5hxu"
          >
            <img
              alt="黒貂威風"
              src="/order/test.png"
            />
          </div>
          <div
            class="MuiBox-root css-1cc5hxu"
          >
            <img
              alt="光背火翼"
              src="/order/test.png"
            />
          </div>
          <div
            class="MuiBox-root css-1cc5hxu"
          >
            <img
              alt="天光銀波"
              src="/order/test.png"
            />
          </div>
          <div
            class="MuiBox-root css-1cc5hxu"
          >
            <img
              alt="光華廻風"
              src="/order/test.png"
            />
          </div>
          <div
            class="MuiBox-root css-1cc5hxu"
          >
            <img
              alt="清暉恒風"
              src="/order/test.png"
            />
          </div>
          <div
            class="MuiBox-root css-1cc5hxu"
          >
            <img
              alt="陰陽二律"
              src="/order/test.png"
            />
          </div>
          <div
            class="MuiBox-root css-1cc5hxu"
          >
            <img
              alt="定めの時辰儀"
              src="/order/test.png"
            />
          </div>
          <div
            class="MuiBox-root css-1cc5hxu"
          >
            <img
              alt="光刃激化の聖剣"
              src="/order/test.png"
            />
          </div>
          <div
            class="MuiBox-root css-1cc5hxu"
          >
            <img
              alt="光鎧強化の鉄壁"
              src="/order/test.png"
            />
          </div>
          <div
            class="MuiBox-root css-1cc5hxu"
          >
            <img
              alt="闇刃激化の聖剣"
              src="/order/test.png"
            />
          </div>
          <div
            class="MuiBox-root css-1cc5hxu"
          >
            <img
              alt="闇鎧強化の鉄壁"
              src="/order/test.png"
            />
          </div>
          <div
            class="MuiBox-root css-1cc5hxu"
          >
            <img
              alt="光刃縛りの大蔦"
              src="/order/test.png"
            />
          </div>
          <div
            class="MuiBox-root css-1cc5hxu"
          >
            <img
              alt="光鎧の鉄壁破壊"
              src="/order/test.png"
            />
          </div>
          <div
            class="MuiBox-root css-1cc5hxu"
          >
            <img
              alt="闇刃縛りの大蔦"
              src="/order/test.png"
            />
          </div>
          <div
            class="MuiBox-root css-1cc5hxu"
          >
            <img
              alt="闇鎧の鉄壁破壊"
              src="/order/test.png"
            />
          </div>
          <div
            class="MuiBox-root css-1cc5hxu"
          >
            <img
              alt="水刃激化の聖剣"
              src="/order/test.png"
            />
          </div>
          <div
            class="MuiBox-root css-1cc5hxu"
          >
            <img
              alt="水鎧強化の鉄壁"
              src="/order/test.png"
            />
          </div>
          <div
            class="MuiBox-root css-1cc5hxu"
          >
            <img
              alt="水刃縛りの大蔦"
              src="/order/test.png"
            />
          </div>
          <div
            class="MuiBox-root css-1cc5hxu"
          >
            <img
              alt="水鎧の鉄壁破壊"
              src="/order/test.png"
            />
          </div>
          <div
            class="MuiBox-root css-1cc5hxu"
          >
            <img
              alt="風刃激化の聖剣"
              src="/order/test.png"
            />
          </div>
          <div
            class="MuiBox-root css-1cc5hxu"
          >
            <img
              alt="風鎧強化の鉄壁"
              src="/order/test.png"
            />
          </div>
          <div
            class="MuiBox-root css-1cc5hxu"
          >
            <img
              alt="風刃縛りの大蔦"
              src="/order/test.png"
            />
          </div>
          <div
            class="MuiBox-root css-1cc5hxu"
          >
            <img
              alt="風鎧の鉄壁破壊"
              src="/order/test.png"
            />
          </div>
          <div
            class="MuiBox-root css-1cc5hxu"
          >
            <img
              alt="炎刃激化の聖剣"
              src="/order/test.png"
            />
          </div>
          <div
            class="MuiBox-root css-1cc5hxu"
          >
            <img
              alt="炎鎧強化の鉄壁"
              src="/order/test.png"
            />
          </div>
          <div
            class="MuiBox-root css-1cc5hxu"
          >
            <img
              alt="炎刃縛りの大蔦"
              src="/order/test.png"
            />
          </div>
          <div
            class="MuiBox-root css-1cc5hxu"
          >
            <img
              alt="炎鎧の鉄壁破壊"
              src="/order/test.png"
            />
          </div>
          <div
            class="MuiBox-root css-1cc5hxu"
          >
            <img
              alt="支えの祝福"
              src="/order/test.png"
            />
          </div>
          <div
            class="MuiBox-root css-1cc5hxu"
          >
            <img
              alt="妨げの祝福"
              src="/order/test.png"
            />
          </div>
          <div
            class="MuiBox-root css-1cc5hxu"
          >
            <img
              alt="支えの反動"
              src="/order/test.png"
            />
          </div>
          <div
            class="MuiBox-root css-1cc5hxu"
          >
            <img
              alt="妨げの反動"
              src="/order/test.png"
            />
          </div>
          <div
            class="MuiBox-root css-1cc5hxu"
          >
            <img
              alt="劫火凶風"
              src="/order/test.png"
            />
          </div>
          <div
            class="MuiBox-root css-1cc5hxu"
          >
            <img
              alt="鳳蒼覇煌"
              src="/order/test.png"
            />
          </div>
          <div
            class="MuiBox-root css-1cc5hxu"
          >
            <img
              alt="熾烈攻勢の聖剣"
              src="/order/test.png"
            />
          </div>
          <div
            class="MuiBox-root css-1cc5hxu"
          >
            <img
              alt="堅硬守勢の防壁"
              src="/order/test.png"
            />
          </div>
          <div
            class="MuiBox-root css-1cc5hxu"
          >
            <img
              alt="覚醒の大天光"
              src="/order/test.png"
            />
          </div>
          <div
            class="MuiBox-root css-1cc5hxu"
          >
            <img
              alt="大天光の覚醒妨害"
              src="/order/test.png"
            />
          </div>
          <div
            class="MuiBox-root css-1cc5hxu"
          >
            <img
              alt="鳳凰炎天"
              src="/order/test.png"
            />
          </div>
          <div
            class="MuiBox-root css-1cc5hxu"
          >
            <img
              alt="蒼海神威"
              src="/order/test.png"
            />
          </div>
          <div
            class="MuiBox-root css-1cc5hxu"
          >
            <img
              alt="天翔翼の息吹"
              src="/order/test.png"
            />
          </div>
          <div
            class="MuiBox-root css-1cc5hxu"
          >
            <img
              alt="炎鎧強化の大城壁"
              src="/order/test.png"
            />
          </div>
          <div
            class="MuiBox-root css-1cc5hxu"
          >
            <img
              alt="炎刃縛りの大棘蔦"
              src="/order/test.png"
            />
          </div>
          <div
            class="MuiBox-root css-1cc5hxu"
          >
            <img
              alt="水鎧強化の大城壁"
              src="/order/test.png"
            />
          </div>
          <div
            class="MuiBox-root css-1cc5hxu"
          >
            <img
              alt="水刃縛りの大棘蔦"
              src="/order/test.png"
            />
          </div>
          <div
            class="MuiBox-root css-1cc5hxu"
          >
            <img
              alt="鳳凰の御盾"
              src="/order/test.png"
            />
          </div>
          <div
            class="MuiBox-root css-1cc5hxu"
          >
            <img
              alt="天翔翼の御盾"
              src="/order/test.png"
            />
          </div>
          <div
            class="MuiBox-root css-1cc5hxu"
          >
            <img
              alt="鳳炎天舞"
              src="/order/test.png"
            />
          </div>
          <div
            class="MuiBox-root css-1cc5hxu"
          >
            <img
              alt="蒼神封界"
              src="/order/test.png"
            />
          </div>
          <div
            class="MuiBox-root css-1cc5hxu"
          >
            <img
              alt="焚天赫風"
              src="/order/test.png"
            />
          </div>
          <div
            class="MuiBox-root css-1cc5hxu"
          >
            <img
              alt="煌天翼の咆哮"
              src="/order/test.png"
            />
          </div>
          <div
            class="MuiBox-root css-1cc5hxu"
          >
            <img
              alt="鳳炎封界"
              src="/order/test.png"
            />
          </div>
          <div
            class="MuiBox-root css-1cc5hxu"
          >
            <img
              alt="蒼天煌威"
              src="/order/test.png"
            />
          </div>
          <div
            class="MuiBox-root css-1cc5hxu"
          >
            <img
              alt="深蒼海の神裁"
              src="/order/test.png"
            />
          </div>
          <div
            class="MuiBox-root css-1cc5hxu"
          >
            <img
              alt="煌天封界"
              src="/order/test.png"
            />
          </div>
          <div
            class="MuiBox-root css-1cc5hxu"
          >
            <img
              alt="覚醒の恒星"
              src="/order/test.png"
            />
          </div>
          <div
            class="MuiBox-root css-1cc5hxu"
          >
            <img
              alt="恒星の覚醒妨害"
              src="/order/test.png"
            />
          </div>
          <div
            class="MuiBox-root css-1cc5hxu"
          >
            <img
              alt="灼洸碧焔"
              src="/order/test.png"
            />
          </div>
        </div>
      </div>
    </div>
  </div>
</DocumentFragment>
`;
